// Jest Snapshot v1, https://goo.gl/fbAQLP

exports[`PropertiesPanel drawPath snapshot matches snapshot for drawPath object 1`] = `
<div>
  <div
    class="h-full p-4 bg-gray-800 text-white overflow-y-auto"
  >
    <h3
      class="text-lg font-semibold text-gray-300 mb-4"
    >
      Properties
    </h3>
    <div
      class="mb-6"
    >
      <h4
        class="text-sm font-semibold text-gray-400 mb-2"
      >
        Object Info
      </h4>
      <div
        class="space-y-2"
      >
        <div>
          <label
            class="block text-xs text-gray-400 mb-1"
          >
            Type
          </label>
          <input
            class="w-full p-2 bg-gray-700 text-gray-300 rounded text-sm"
            readonly=""
            type="text"
            value="drawPath"
          />
        </div>
        <div>
          <label
            class="block text-xs text-gray-400 mb-1"
          >
            ID
          </label>
          <input
            class="w-full p-2 bg-gray-700 text-gray-300 rounded text-sm text-xs"
            readonly=""
            type="text"
            value="obj1"
          />
        </div>
      </div>
    </div>
    <div
      class="mb-6"
    >
      <h4
        class="text-sm font-semibold text-gray-400 mb-2"
      >
        Debug
      </h4>
      <div
        class="space-y-2"
      >
        <label
          class="flex items-center gap-2 text-xs text-gray-300"
        >
          <input
            type="checkbox"
          />
          Enable Renderer Logs
        </label>
        <p
          class="text-xs text-gray-500"
        >
          Shows detailed progress and rendering info in browser console
        </p>
      </div>
    </div>
    <div
      class="mb-6"
    >
      <h4
        class="text-sm font-semibold text-gray-400 mb-2"
      >
        Position
      </h4>
      <div
        class="grid grid-cols-2"
        style="column-gap: 8px; row-gap: 8px;"
      >
        <div>
          <label
            class="block text-xs text-gray-400 mb-1"
          >
            X
          </label>
          <input
            class="w-full p-2 bg-gray-700 text-white rounded text-sm"
            type="number"
            value="0"
          />
        </div>
        <div>
          <label
            class="block text-xs text-gray-400 mb-1"
          >
            Y
          </label>
          <input
            class="w-full p-2 bg-gray-700 text-white rounded text-sm"
            type="number"
            value="0"
          />
        </div>
      </div>
    </div>
    <div
      class="mb-6"
    >
      <h4
        class="text-sm font-semibold text-gray-400 mb-2"
      >
        Layer Order
      </h4>
      <div
        class="grid grid-cols-2 gap-2"
      >
        <button
          class="p-2 bg-gray-600 hover:bg-gray-500 rounded text-xs"
        >
          üîù Bring to Front
        </button>
        <button
          class="p-2 bg-gray-600 hover:bg-gray-500 rounded text-xs"
        >
          üì§ Send to Back
        </button>
        <button
          class="p-2 bg-gray-600 hover:bg-gray-500 rounded text-xs"
        >
          ‚¨ÜÔ∏è Bring Forward
        </button>
        <button
          class="p-2 bg-gray-600 hover:bg-gray-500 rounded text-xs"
        >
          ‚¨áÔ∏è Send Backward
        </button>
      </div>
    </div>
    <div
      class="mb-6"
    >
      <h4
        class="text-sm font-semibold text-gray-400 mb-2"
      >
        Animation
      </h4>
      <div
        class="space-y-3"
      >
        <div>
          <label
            class="block text-xs text-gray-400 mb-1"
          >
            Start Time (seconds)
          </label>
          <input
            class="w-full p-2 bg-gray-700 text-white rounded text-sm"
            min="0"
            step="0.1"
            type="number"
            value="0"
          />
        </div>
        <div>
          <label
            class="block text-xs text-gray-400 mb-1"
          >
            Duration (seconds)
          </label>
          <input
            class="w-full p-2 bg-gray-700 text-white rounded text-sm"
            min="0.1"
            step="0.1"
            type="number"
            value="5"
          />
        </div>
        <div>
          <label
            class="block text-xs text-gray-400 mb-1"
          >
            Animation Type
          </label>
          <select
            class="w-full p-2 bg-gray-700 text-white rounded text-sm"
          >
            <option
              value="none"
            >
              None
            </option>
            <option
              value="fadeIn"
            >
              Fade In
            </option>
            <option
              value="slideIn"
            >
              Slide In
            </option>
            <option
              value="scaleIn"
            >
              Scale In
            </option>
            <option
              value="drawIn"
            >
              Draw In
            </option>
            <option
              value="pathFollow"
            >
              Path Follow
            </option>
          </select>
        </div>
        <div>
          <label
            class="block text-xs text-gray-400 mb-1"
          >
            Easing
          </label>
          <select
            class="w-full p-2 bg-gray-700 text-white rounded text-sm"
          >
            <option
              value="linear"
            >
              Linear
            </option>
            <option
              value="easeIn"
            >
              Ease In
            </option>
            <option
              value="easeOut"
            >
              Ease Out
            </option>
            <option
              value="easeInOut"
            >
              Ease In Out
            </option>
          </select>
        </div>
      </div>
    </div>
    <div
      class="mb-6"
    >
      <h4
        class="text-sm font-semibold text-gray-400 mb-2"
      >
        Motion Path
      </h4>
      <p
        class="text-[11px] text-gray-400 mb-2"
      >
        Copy this drawn path as a motion path (pathFollow) onto another object.
      </p>
      <div
        class="space-y-2"
      >
        <label
          class="block text-xs text-gray-400"
        >
          Target Object
        </label>
        <select
          class="w-full p-2 bg-gray-700 text-white rounded text-sm"
        >
          <option
            value=""
          >
            ‚Äî Choose target ‚Äî
          </option>
        </select>
        <div
          class="flex gap-2"
        >
          <button
            class="px-3 py-1 rounded text-xs bg-gray-700 text-gray-500 cursor-not-allowed"
            disabled=""
          >
            Make motion path for selection
          </button>
          <button
            class="px-2 py-1 bg-gray-600 hover:bg-gray-500 rounded text-xs"
          >
            Reset
          </button>
        </div>
        <p
          class="text-[11px] text-gray-500"
        >
          Points are copied in absolute canvas coordinates and set on the target's properties.pathPoints.
        </p>
      </div>
    </div>
  </div>
</div>
`;
