// Jest Snapshot v1, https://goo.gl/fbAQLP

exports[`PropertiesPanel text snapshot matches snapshot for text object 1`] = `
<div>
  <div
    class="h-full p-4 bg-gray-800 text-white overflow-y-auto"
  >
    <h3
      class="text-lg font-semibold text-gray-300 mb-4"
    >
      Properties
    </h3>
    <div
      class="mb-6"
    >
      <h4
        class="text-sm font-semibold text-gray-400 mb-2"
      >
        Object Info
      </h4>
      <div
        class="space-y-2"
      >
        <div>
          <label
            class="block text-xs text-gray-400 mb-1"
          >
            Type
          </label>
          <input
            class="w-full p-2 bg-gray-700 text-gray-300 rounded text-sm"
            readonly=""
            type="text"
            value="text"
          />
        </div>
        <div>
          <label
            class="block text-xs text-gray-400 mb-1"
          >
            ID
          </label>
          <input
            class="w-full p-2 bg-gray-700 text-gray-300 rounded text-sm text-xs"
            readonly=""
            type="text"
            value="obj1"
          />
        </div>
      </div>
    </div>
    <div
      class="mb-6"
    >
      <h4
        class="text-sm font-semibold text-gray-400 mb-2"
      >
        Debug
      </h4>
      <div
        class="space-y-2"
      >
        <label
          class="flex items-center gap-2 text-xs text-gray-300"
        >
          <input
            type="checkbox"
          />
          Enable Renderer Logs
        </label>
        <p
          class="text-xs text-gray-500"
        >
          Shows detailed progress and rendering info in browser console
        </p>
      </div>
    </div>
    <div
      class="mb-6"
    >
      <h4
        class="text-sm font-semibold text-gray-400 mb-2"
      >
        Position
      </h4>
      <div
        class="grid grid-cols-2"
        style="column-gap: 8px; row-gap: 8px;"
      >
        <div>
          <label
            class="block text-xs text-gray-400 mb-1"
          >
            X
          </label>
          <input
            class="w-full p-2 bg-gray-700 text-white rounded text-sm"
            type="number"
            value="0"
          />
        </div>
        <div>
          <label
            class="block text-xs text-gray-400 mb-1"
          >
            Y
          </label>
          <input
            class="w-full p-2 bg-gray-700 text-white rounded text-sm"
            type="number"
            value="0"
          />
        </div>
      </div>
    </div>
    <div
      class="mb-6"
    >
      <h4
        class="text-sm font-semibold text-gray-400 mb-2"
      >
        Text Properties
      </h4>
      <div
        class="space-y-3"
      >
        <div>
          <label
            class="block text-xs text-gray-400 mb-1"
          >
            Text
          </label>
          <textarea
            class="w-full p-2 bg-gray-700 text-white rounded text-sm h-16 resize-none"
            placeholder="Enter text..."
          >
            Hello
          </textarea>
        </div>
        <div>
          <label
            class="block text-xs text-gray-400 mb-1"
          >
            Font Size
          </label>
          <input
            class="w-full"
            max="72"
            min="8"
            type="range"
            value="16"
          />
          <span
            class="text-xs text-gray-400"
          >
            16
            px
          </span>
        </div>
        <div>
          <label
            class="block text-xs text-gray-400 mb-1"
          >
            Color
          </label>
          <input
            class="w-8 h-8 rounded border border-gray-600"
            type="color"
            value="#000000"
          />
        </div>
        <div>
          <label
            class="block text-xs text-gray-400 mb-1"
          >
            Font Family
          </label>
          <select
            class="w-full p-2 bg-gray-700 text-white rounded text-sm"
          >
            <option
              value="Arial"
            >
              Arial
            </option>
            <option
              value="Helvetica"
            >
              Helvetica
            </option>
            <option
              value="Times New Roman"
            >
              Times New Roman
            </option>
            <option
              value="Georgia"
            >
              Georgia
            </option>
            <option
              value="Courier New"
            >
              Courier New
            </option>
            <option
              value="Arial, 'Apple Color Emoji', 'Noto Color Emoji', 'Segoe UI Symbol'"
            >
              Arial + Emoji Fallback
            </option>
            <option
              value="'Noto Sans', 'Noto Emoji', 'Noto Sans Symbols', Arial"
            >
              Noto (broad glyphs)
            </option>
          </select>
        </div>
        <div
          class="flex items-center"
          style="gap: 6px;"
        >
          <input
            id="forceEmojiFont"
            type="checkbox"
          />
          <label
            class="text-xs text-gray-300"
            for="forceEmojiFont"
          >
            Force Emoji Font (prioritize emoji glyphs)
          </label>
        </div>
        <div>
          <label
            class="block text-xs text-gray-400 mb-1"
          >
            Custom Font Family (optional)
          </label>
          <input
            class="w-full p-2 bg-gray-700 text-white rounded text-sm"
            placeholder="e.g. Inter, 'Apple Color Emoji', sans-serif"
            type="text"
            value=""
          />
          <p
            class="text-[10px] text-gray-500 mt-1"
          >
            Overrides the dropdown if provided. Use to include emoji/symbol fallbacks.
          </p>
        </div>
      </div>
    </div>
    <div
      class="mb-6"
    >
      <h4
        class="text-sm font-semibold text-gray-400 mb-2"
      >
        Path Follow
      </h4>
      <div
        class="space-y-3"
      >
        <div
          class="flex items-center gap-2"
        >
          <button
            class="px-2 py-1 bg-blue-600 hover:bg-blue-700 rounded text-xs"
          >
            Enable Path Follow
          </button>
          <label
            class="flex items-center gap-2 text-xs text-gray-300"
          >
            <input
              type="checkbox"
            />
            Rotate with path
          </label>
        </div>
        <div>
          <label
            class="block text-xs text-gray-400 mb-2"
          >
            Path Points
          </label>
          <div
            class="space-y-2"
          >
            <div
              class="flex items-center mt-2"
              style="gap: 6px;"
            >
              <button
                class="px-2 py-1 bg-gray-600 hover:bg-gray-500 rounded text-xs"
              >
                Add Point
              </button>
              <button
                class="px-2 py-1 bg-gray-600 hover:bg-gray-500 rounded text-xs"
              >
                Clear
              </button>
              <button
                class="px-2 py-1 bg-gray-600 hover:bg-gray-500 rounded text-xs"
              >
                Simple Line
              </button>
            </div>
          </div>
        </div>
        <p
          class="text-[11px] text-gray-500"
        >
          Tip: Use "Make motion path" on a drawn path to auto-fill these points.
        </p>
      </div>
    </div>
    <div
      class="mb-6"
    >
      <h4
        class="text-sm font-semibold text-gray-400 mb-2"
      >
        Layer Order
      </h4>
      <div
        class="grid grid-cols-2 gap-2"
      >
        <button
          class="p-2 bg-gray-600 hover:bg-gray-500 rounded text-xs"
        >
          üîù Bring to Front
        </button>
        <button
          class="p-2 bg-gray-600 hover:bg-gray-500 rounded text-xs"
        >
          üì§ Send to Back
        </button>
        <button
          class="p-2 bg-gray-600 hover:bg-gray-500 rounded text-xs"
        >
          ‚¨ÜÔ∏è Bring Forward
        </button>
        <button
          class="p-2 bg-gray-600 hover:bg-gray-500 rounded text-xs"
        >
          ‚¨áÔ∏è Send Backward
        </button>
      </div>
    </div>
    <div
      class="mb-6"
    >
      <h4
        class="text-sm font-semibold text-gray-400 mb-2"
      >
        Animation
      </h4>
      <div
        class="space-y-3"
      >
        <div>
          <label
            class="block text-xs text-gray-400 mb-1"
          >
            Start Time (seconds)
          </label>
          <input
            class="w-full p-2 bg-gray-700 text-white rounded text-sm"
            min="0"
            step="0.1"
            type="number"
            value="0"
          />
        </div>
        <div>
          <label
            class="block text-xs text-gray-400 mb-1"
          >
            Duration (seconds)
          </label>
          <input
            class="w-full p-2 bg-gray-700 text-white rounded text-sm"
            min="0.1"
            step="0.1"
            type="number"
            value="5"
          />
        </div>
        <div>
          <label
            class="block text-xs text-gray-400 mb-1"
          >
            Animation Type
          </label>
          <select
            class="w-full p-2 bg-gray-700 text-white rounded text-sm"
          >
            <option
              value="none"
            >
              None
            </option>
            <option
              value="fadeIn"
            >
              Fade In
            </option>
            <option
              value="slideIn"
            >
              Slide In
            </option>
            <option
              value="scaleIn"
            >
              Scale In
            </option>
            <option
              value="drawIn"
            >
              Draw In
            </option>
            <option
              value="pathFollow"
            >
              Path Follow
            </option>
            <option
              value="typewriter"
            >
              Typewriter
            </option>
          </select>
        </div>
        <div>
          <label
            class="block text-xs text-gray-400 mb-1"
          >
            Easing
          </label>
          <select
            class="w-full p-2 bg-gray-700 text-white rounded text-sm"
          >
            <option
              value="linear"
            >
              Linear
            </option>
            <option
              value="easeIn"
            >
              Ease In
            </option>
            <option
              value="easeOut"
            >
              Ease Out
            </option>
            <option
              value="easeInOut"
            >
              Ease In Out
            </option>
          </select>
        </div>
      </div>
    </div>
  </div>
</div>
`;
