// Jest Snapshot v1, https://goo.gl/fbAQLP

exports[`PropertiesPanel svgPath snapshot matches snapshot for svgPath object 1`] = `
<div>
  <div
    class="h-full p-4 bg-gray-800 text-white overflow-y-auto"
  >
    <h3
      class="text-lg font-semibold text-gray-300 mb-4"
    >
      Properties
    </h3>
    <div
      class="mb-6"
    >
      <h4
        class="text-sm font-semibold text-gray-400 mb-2"
      >
        Object Info
      </h4>
      <div
        class="space-y-2"
      >
        <div>
          <label
            class="block text-xs text-gray-400 mb-1"
          >
            Type
          </label>
          <input
            class="w-full p-2 bg-gray-700 text-gray-300 rounded text-sm"
            readonly=""
            type="text"
            value="svgPath"
          />
        </div>
        <div>
          <label
            class="block text-xs text-gray-400 mb-1"
          >
            ID
          </label>
          <input
            class="w-full p-2 bg-gray-700 text-gray-300 rounded text-sm text-xs"
            readonly=""
            type="text"
            value="obj1"
          />
        </div>
      </div>
    </div>
    <div
      class="mb-6"
    >
      <h4
        class="text-sm font-semibold text-gray-400 mb-2"
      >
        Debug
      </h4>
      <div
        class="space-y-2"
      >
        <label
          class="flex items-center gap-2 text-xs text-gray-300"
        >
          <input
            type="checkbox"
          />
          Enable Renderer Logs
        </label>
        <p
          class="text-xs text-gray-500"
        >
          Shows detailed progress and rendering info in browser console
        </p>
      </div>
    </div>
    <div
      class="mb-6"
    >
      <h4
        class="text-sm font-semibold text-gray-400 mb-2"
      >
        Position
      </h4>
      <div
        class="grid grid-cols-2"
        style="column-gap: 8px; row-gap: 8px;"
      >
        <div>
          <label
            class="block text-xs text-gray-400 mb-1"
          >
            X
          </label>
          <input
            class="w-full p-2 bg-gray-700 text-white rounded text-sm"
            type="number"
            value="0"
          />
        </div>
        <div>
          <label
            class="block text-xs text-gray-400 mb-1"
          >
            Y
          </label>
          <input
            class="w-full p-2 bg-gray-700 text-white rounded text-sm"
            type="number"
            value="0"
          />
        </div>
      </div>
    </div>
    <div
      class="mb-6"
    >
      <h4
        class="text-sm font-semibold text-gray-400 mb-2"
      >
        Layer Order
      </h4>
      <div
        class="grid grid-cols-2 gap-2"
      >
        <button
          class="p-2 bg-gray-600 hover:bg-gray-500 rounded text-xs"
        >
          üîù Bring to Front
        </button>
        <button
          class="p-2 bg-gray-600 hover:bg-gray-500 rounded text-xs"
        >
          üì§ Send to Back
        </button>
        <button
          class="p-2 bg-gray-600 hover:bg-gray-500 rounded text-xs"
        >
          ‚¨ÜÔ∏è Bring Forward
        </button>
        <button
          class="p-2 bg-gray-600 hover:bg-gray-500 rounded text-xs"
        >
          ‚¨áÔ∏è Send Backward
        </button>
      </div>
    </div>
    <div
      class="mb-6"
    >
      <h4
        class="text-sm font-semibold text-gray-400 mb-2"
      >
        Animation
      </h4>
      <div
        class="space-y-3"
      >
        <div>
          <label
            class="block text-xs text-gray-400 mb-1"
          >
            Start Time (seconds)
          </label>
          <input
            class="w-full p-2 bg-gray-700 text-white rounded text-sm"
            min="0"
            step="0.1"
            type="number"
            value="0"
          />
        </div>
        <div>
          <label
            class="block text-xs text-gray-400 mb-1"
          >
            Duration (seconds)
          </label>
          <input
            class="w-full p-2 bg-gray-700 text-white rounded text-sm"
            min="0.1"
            step="0.1"
            type="number"
            value="5"
          />
        </div>
        <div>
          <label
            class="block text-xs text-gray-400 mb-1"
          >
            Animation Type
          </label>
          <select
            class="w-full p-2 bg-gray-700 text-white rounded text-sm"
          >
            <option
              value="none"
            >
              None
            </option>
            <option
              value="drawIn"
            >
              Draw In
            </option>
          </select>
        </div>
        <div>
          <label
            class="block text-xs text-gray-400 mb-1"
          >
            Easing
          </label>
          <select
            class="w-full p-2 bg-gray-700 text-white rounded text-sm"
          >
            <option
              value="linear"
            >
              Linear
            </option>
            <option
              value="easeIn"
            >
              Ease In
            </option>
            <option
              value="easeOut"
            >
              Ease Out
            </option>
            <option
              value="easeInOut"
            >
              Ease In Out
            </option>
          </select>
        </div>
      </div>
    </div>
    <div
      class="mb-6"
    >
      <h4
        class="text-sm font-semibold text-gray-400 mb-2"
      >
        Draw Settings
      </h4>
      <p
        class="text-[11px] text-gray-500 mb-2"
      >
        Hand-draw animation uses stroke-dash reveal. Easing is forced to linear.
      </p>
      <div
        class="p-2 rounded bg-gray-700/40 border border-gray-600 w-full overflow-hidden"
      >
        <h4
          class="text-xs font-semibold text-gray-300 mb-2"
        >
          Draw Settings
        </h4>
        <div
          class="text-xs w-full min-w-0"
          style="padding-top: 12px; padding-bottom: 12px;"
        >
          <div
            class="flex items-center"
            style="gap: 12px; margin-bottom: 12px;"
          >
            <span
              class="text-gray-300 flex-shrink-0"
              style="width: 84px;"
            >
              Mode
            </span>
            <select
              class="bg-gray-700 text-gray-100 rounded px-3 py-2 flex-1 min-w-0"
            >
              <option
                value="standard"
              >
                Standard (fill at end)
              </option>
              <option
                value="preview"
              >
                Preview (fill per path)
              </option>
              <option
                value="batched"
              >
                Batched
              </option>
            </select>
          </div>
          <div
            class="flex items-center flex-wrap"
            style="gap: 12px; margin-bottom: 12px;"
          >
            <span
              class="text-gray-300 flex-shrink-0"
              style="width: 84px;"
            >
              Speed
            </span>
            <select
              class="bg-gray-700 text-gray-100 rounded px-3 py-2"
              style="width: 140px; flex-shrink: 0;"
            >
              <option
                value="duration"
              >
                By duration
              </option>
              <option
                value="pps"
              >
                By pps
              </option>
            </select>
            <input
              class="bg-gray-700 text-gray-100 rounded px-3 py-2 flex-shrink-0"
              min="0.1"
              step="0.1"
              style="width: 80px;"
              type="number"
              value="3"
            />
            <span
              class="text-gray-400 flex-shrink-0"
            >
              (~
              3.0
              s
              , len 100
              )
            </span>
          </div>
          <div
            class="flex items-center flex-wrap"
            style="gap: 12px; margin-bottom: 12px;"
          >
            <div
              class="flex items-center"
              style="gap: 12px;"
            >
              <span
                class="text-gray-300 flex-shrink-0"
                style="width: 84px;"
              >
                Preview stroke
              </span>
              <input
                class="border border-gray-500 rounded flex-shrink-0"
                style="width: 40px; height: 32px;"
                type="color"
                value="#3b82f6"
              />
            </div>
            <div
              class="flex items-center"
              style="gap: 12px;"
            >
              <span
                class="text-gray-300 flex-shrink-0"
                style="width: 84px;"
              >
                Width boost
              </span>
              <input
                class="bg-gray-700 text-gray-100 rounded px-3 py-2 flex-shrink-0"
                min="0"
                step="0.5"
                style="width: 80px;"
                type="number"
                value="1"
              />
            </div>
          </div>
          <div
            class="flex items-center flex-wrap"
            style="gap: 12px; margin-bottom: 0px;"
          >
            <span
              class="text-gray-300 flex-shrink-0"
              style="width: 84px;"
            >
              Filter
            </span>
            <div
              class="flex items-center"
              style="gap: 6px;"
            >
              <span
                class="text-gray-400 text-xs"
              >
                Min
              </span>
              <input
                class="bg-gray-700 text-gray-100 rounded px-2 py-1"
                min="0"
                style="width: 60px;"
                type="number"
                value="3"
              />
            </div>
            <div
              class="flex items-center"
              style="gap: 6px;"
            >
              <span
                class="text-gray-400 text-xs"
              >
                Max
              </span>
              <input
                class="bg-gray-700 text-gray-100 rounded px-2 py-1"
                min="0"
                style="width: 70px;"
                type="number"
                value="400"
              />
            </div>
          </div>
        </div>
      </div>
    </div>
    <div
      class="mb-6"
    >
      <h4
        class="text-sm font-semibold text-gray-400 mb-2"
      >
        Hand Follower
      </h4>
      <div
        class="space-y-3"
      >
        <div
          class="flex items-center gap-2"
        >
          <input
            class="rounded"
            id="handFollowerEnabled"
            type="checkbox"
          />
          <label
            class="text-sm text-gray-300"
            for="handFollowerEnabled"
          >
            Show hand following path
          </label>
        </div>
      </div>
    </div>
  </div>
</div>
`;
